$ NODE_ENV=development RELEASE_CHANNEL=experimental compactConsole=false node ./scripts/jest/jest.js --config ./scripts/jest/config.source.js packages/react-dom/src/__tests__/ReactDOMTitleActivity-test.js

Running tests for default (experimental)...
node : FAIL 
packages/react-dom/src/__tests__/ReactDOMTitleActivity-test.js
At line:1 char:1
+ node ./scripts/jest/jest-cli.js 
packages/react-dom/src/__tests__/Reac ...
+ ~~~~~~~~~~~~~~~~~~~~~~~~~~~~~~~~~~~~~~~~~~~~~~~~~~~~~~~~~~~~~~~~
~~~~~
    + CategoryInfo          : NotSpecified: (FAIL packages/r...ct 
   ivity-test.js:String) [], RemoteException
    + FullyQualifiedErrorId : NativeCommandError
 
  ReactDOMTitleActivity
    ├ù reverts document.title when a title is hidden (50 ms)
    ├ù correctly falls back to another visible title when hiding 
a title (9 ms)

  ΓùÅ ReactDOMTitleActivity ΓÇ║ reverts document.title when a 
title is hidden

    This module must be shimmed by a specific renderer.

    [0m [90m 18 |[39m [90m// the failure isn't silent.[39m
     [90m 19 |[39m
    [31m[1m>[22m[39m[90m 20 |[39m [36mthrow[39m 
[36mnew[39m [33mError[39m([32m'This module must be shimmed 
by a specific renderer.'[39m)[33m;[39m
     [90m    |[39m       [31m[1m^[22m[39m
     [90m 21 |[39m[0m

      at Object.<anonymous> 
(packages/react-reconciler/src/ReactFiberConfig.js:20:7)
      at Object.<anonymous> 
(packages/react-reconciler/src/ReactFiberReconciler.js:49:25)
      at Object.<anonymous> (packages/react-dom-bindings/src/event
s/ReactDOMEventListener.js:25:29)
      at Object.<anonymous> (packages/react-dom-bindings/src/event
s/ReactDOMEventReplaying.js:31:30)
      at Object.<anonymous> 
(packages/react-dom/src/client/ReactDOMRoot.js:17:31)
      at Object.<anonymous> 
(packages/react-dom/src/client/ReactDOMClient.js:10:21)
      at Object.<anonymous> (packages/react-dom/client.js:10:23)
      at Object.<anonymous> (packages/react-dom/src/__tests__/Reac
tDOMTitleActivity-test.js:23:22)

  ΓùÅ ReactDOMTitleActivity ΓÇ║ reverts document.title when a 
title is hidden

    TypeError: Failed to execute 'removeChild' on 'Node': 
parameter 1 is not of type 'Node'.

    [0m [90m 30 |[39m
     [90m 31 |[39m     afterEach(() [33m=>[39m {
    [31m[1m>[22m[39m[90m 32 |[39m         document[33m.[39
mbody[33m.[39mremoveChild(container)[33m;[39m
     [90m    |[39m                   [31m[1m^[22m[39m
     [90m 33 |[39m     })[33m;[39m
     [90m 34 |[39m
     [90m 35 |[39m     [90m// @gate enableActivity[39m[0m

      at Object.exports.convert 
(node_modules/jsdom/lib/jsdom/living/generated/Node.js:25:9)
      at HTMLBodyElement.removeChild 
(node_modules/jsdom/lib/jsdom/living/generated/Node.js:465:26)
      at Object.<anonymous> (packages/react-dom/src/__tests__/Reac
tDOMTitleActivity-test.js:32:19)

  ΓùÅ ReactDOMTitleActivity ΓÇ║ correctly falls back to another 
visible title when hiding a title

    This module must be shimmed by a specific renderer.

    [0m [90m 18 |[39m [90m// the failure isn't silent.[39m
     [90m 19 |[39m
    [31m[1m>[22m[39m[90m 20 |[39m [36mthrow[39m 
[36mnew[39m [33mError[39m([32m'This module must be shimmed 
by a specific renderer.'[39m)[33m;[39m
     [90m    |[39m       [31m[1m^[22m[39m
     [90m 21 |[39m[0m

      at Object.<anonymous> 
(packages/react-reconciler/src/ReactFiberConfig.js:20:7)
      at Object.<anonymous> 
(packages/react-reconciler/src/ReactFiberReconciler.js:49:25)
      at Object.<anonymous> (packages/react-dom-bindings/src/event
s/ReactDOMEventListener.js:25:29)
      at Object.<anonymous> (packages/react-dom-bindings/src/event
s/ReactDOMEventReplaying.js:31:30)
      at Object.<anonymous> 
(packages/react-dom/src/client/ReactDOMRoot.js:17:31)
      at Object.<anonymous> 
(packages/react-dom/src/client/ReactDOMClient.js:10:21)
      at Object.<anonymous> (packages/react-dom/client.js:10:23)
      at Object.<anonymous> (packages/react-dom/src/__tests__/Reac
tDOMTitleActivity-test.js:23:22)

  ΓùÅ ReactDOMTitleActivity ΓÇ║ correctly falls back to another 
visible title when hiding a title

    TypeError: Failed to execute 'removeChild' on 'Node': 
parameter 1 is not of type 'Node'.

    [0m [90m 30 |[39m
     [90m 31 |[39m     afterEach(() [33m=>[39m {
    [31m[1m>[22m[39m[90m 32 |[39m         document[33m.[39
mbody[33m.[39mremoveChild(container)[33m;[39m
     [90m    |[39m                   [31m[1m^[22m[39m
     [90m 33 |[39m     })[33m;[39m
     [90m 34 |[39m
     [90m 35 |[39m     [90m// @gate enableActivity[39m[0m

      at Object.exports.convert 
(node_modules/jsdom/lib/jsdom/living/generated/Node.js:25:9)
      at HTMLBodyElement.removeChild 
(node_modules/jsdom/lib/jsdom/living/generated/Node.js:465:26)
      at Object.<anonymous> (packages/react-dom/src/__tests__/Reac
tDOMTitleActivity-test.js:32:19)

Test Suites: 1 failed, 1 total
Tests:       2 failed, 2 total
Snapshots:   0 total
Time:        1.101 s, estimated 2 s
Ran all test suites matching /packages\\react-dom\\src\\__tests__\
\ReactDOMTitleActivity-test.js/i.
